// Jest Snapshot v1, https://goo.gl/fbAQLP

exports[`App match correctly 1`] = `
<div>
  <Connect(CounterContainer) />
  <hr />
</div>
`;
