// Jest Snapshot v1, https://goo.gl/fbAQLP

exports[`NameList match correctly 1`] = `
<ul>
  <li
    key="0"
  >
    Kyung
  </li>
  <li
    key="1"
  >
    Seok
  </li>
</ul>
`;
